[2026-06-01 14:00:17] - Job ID 1 - Prioridad Premium - CREADO
[2026-06-01 14:00:17] - Job ID 1 - Prioridad Premium - EN_COLA
[2026-06-01 14:00:17] - Job ID 2 - Prioridad Premium - CREADO
[2026-06-01 14:00:17] - Job ID 2 - Prioridad Premium - EN_COLA
[2026-06-01 14:00:17] - Job ID 3 - Prioridad Premium - CREADO
[2026-06-01 14:00:17] - Job ID 3 - Prioridad Premium - EN_COLA
[2026-06-01 14:00:17] - Job ID 4 - Prioridad Premium - CREADO
[2026-06-01 14:00:17] - Job ID 4 - Prioridad Premium - EN_COLA
[2026-06-01 14:00:17] - Job ID 5 - Prioridad Premium - CREADO
[2026-06-01 14:00:17] - Job ID 5 - Prioridad Premium - EN_COLA
[2026-06-01 14:00:17] - Job ID 6 - Prioridad Premium - CREADO
[2026-06-01 14:00:17] - Job ID 1 - Prioridad Premium - ASIGNADO_VRAM
[2026-06-01 14:00:17] - Job ID 6 - Prioridad Premium - EN_COLA
[2026-06-01 14:00:17] - Job ID 7 - Prioridad Premium - CREADO
[2026-06-01 14:00:17] - Job ID 7 - Prioridad Premium - EN_COLA
[2026-06-01 14:00:17] - Job ID 8 - Prioridad Premium - CREADO
[2026-06-01 14:00:18] - Job ID 8 - Prioridad Premium - EN_COLA
[2026-06-01 14:00:18] - Job ID 9 - Prioridad Premium - CREADO
[2026-06-01 14:00:18] - Job ID 9 - Prioridad Premium - EN_COLA
[2026-06-01 14:00:18] - Job ID 10 - Prioridad Premium - CREADO
[2026-06-01 14:00:18] - Job ID 2 - Prioridad Premium - ASIGNADO_VRAM
[2026-06-01 14:00:18] - Job ID 10 - Prioridad Premium - EN_COLA
[2026-06-01 14:00:18] - Job ID 11 - Prioridad Premium - CREADO
[2026-06-01 14:00:18] - Job ID 11 - Prioridad Premium - EN_COLA
[2026-06-01 14:00:18] - Job ID 12 - Prioridad Premium - CREADO
[2026-06-01 14:00:18] - Job ID 12 - Prioridad Premium - EN_COLA
[2026-06-01 14:00:18] - Job ID 13 - Prioridad Premium - CREADO
[2026-06-01 14:00:18] - Job ID 13 - Prioridad Premium - EN_COLA
[2026-06-01 14:00:18] - Job ID 1 - Prioridad Premium - FINALIZADO
[2026-06-01 14:00:18] - Job ID 14 - Prioridad Premium - CREADO
[2026-06-01 14:00:18] - Job ID 14 - Prioridad Premium - EN_COLA
[2026-06-01 14:00:18] - Job ID 15 - Prioridad Premium - CREADO
[2026-06-01 14:00:18] - Job ID 15 - Prioridad Premium - EN_COLA
[2026-06-01 14:00:18] - Job ID 16 - Prioridad Premium - CREADO
[2026-06-01 14:00:18] - Job ID 16 - Prioridad Premium - EN_COLA
[2026-06-01 14:00:18] - Job ID 17 - Prioridad Premium - CREADO
[2026-06-01 14:00:19] - Job ID 17 - Prioridad Premium - EN_COLA
[2026-06-01 14:00:19] - Job ID 18 - Prioridad Premium - CREADO
[2026-06-01 14:00:19] - Job ID 2 - Prioridad Premium - FINALIZADO
[2026-06-01 14:00:19] - Job ID 3 - Prioridad Premium - ASIGNADO_VRAM
[2026-06-01 14:00:19] - Job ID 18 - Prioridad Premium - EN_COLA
[2026-06-01 14:00:19] - Job ID 19 - Prioridad Premium - CREADO
[2026-06-01 14:00:19] - Job ID 19 - Prioridad Premium - EN_COLA
[2026-06-01 14:00:19] - Job ID 20 - Prioridad Premium - CREADO
[2026-06-01 14:00:19] - Job ID 20 - Prioridad Premium - EN_COLA
[2026-06-01 14:00:19] - Job ID 21 - Prioridad Premium - CREADO
[2026-06-01 14:00:19] - Job ID 21 - Prioridad Premium - EN_COLA
[2026-06-01 14:00:19] - Job ID 22 - Prioridad Premium - CREADO
[2026-06-01 14:00:19] - Job ID 4 - Prioridad Premium - ASIGNADO_VRAM
[2026-06-01 14:00:19] - Job ID 22 - Prioridad Premium - EN_COLA
[2026-06-01 14:00:19] - Job ID 23 - Prioridad Premium - CREADO
[2026-06-01 14:00:19] - Job ID 23 - Prioridad Premium - EN_COLA
[2026-06-01 14:00:19] - Job ID 24 - Prioridad Premium - CREADO
[2026-06-01 14:00:19] - Job ID 24 - Prioridad Premium - EN_COLA
[2026-06-01 14:00:19] - Job ID 25 - Prioridad Premium - CREADO
[2026-06-01 14:00:19] - Job ID 3 - Prioridad Premium - FINALIZADO
[2026-06-01 14:00:19] - Job ID 25 - Prioridad Premium - EN_COLA
[2026-06-01 14:00:19] - Job ID 26 - Prioridad Premium - CREADO
[2026-06-01 14:00:20] - Job ID 26 - Prioridad Premium - EN_COLA
[2026-06-01 14:00:20] - Job ID 27 - Prioridad Premium - CREADO
[2026-06-01 14:00:20] - Job ID 27 - Prioridad Premium - EN_COLA
[2026-06-01 14:00:20] - Job ID 28 - Prioridad Premium - CREADO
[2026-06-01 14:00:20] - Job ID 28 - Prioridad Premium - EN_COLA
[2026-06-01 14:00:20] - Job ID 29 - Prioridad Premium - CREADO
[2026-06-01 14:00:20] - Job ID 4 - Prioridad Premium - FINALIZADO
[2026-06-01 14:00:20] - Job ID 29 - Prioridad Premium - EN_COLA
[2026-06-01 14:00:20] - Job ID 5 - Prioridad Premium - ASIGNADO_VRAM
[2026-06-01 14:00:20] - Job ID 30 - Prioridad Premium - CREADO
[2026-06-01 14:00:20] - Job ID 30 - Prioridad Premium - EN_COLA
[2026-06-01 14:00:20] - Job ID 31 - Prioridad Premium - CREADO
[2026-06-01 14:00:20] - Job ID 31 - Prioridad Premium - EN_COLA
[2026-06-01 14:00:20] - Job ID 32 - Prioridad Premium - CREADO
[2026-06-01 14:00:20] - Job ID 32 - Prioridad Premium - EN_COLA
[2026-06-01 14:00:20] - Job ID 33 - Prioridad Premium - CREADO
[2026-06-01 14:00:20] - Job ID 33 - Prioridad Premium - EN_COLA
[2026-06-01 14:00:20] - Job ID 34 - Prioridad Premium - CREADO
[2026-06-01 14:00:20] - Job ID 6 - Prioridad Premium - ASIGNADO_VRAM
[2026-06-01 14:00:20] - Job ID 34 - Prioridad Premium - EN_COLA
[2026-06-01 14:00:20] - Job ID 35 - Prioridad Premium - CREADO
[2026-06-01 14:00:21] - Job ID 35 - Prioridad Premium - EN_COLA
[2026-06-01 14:00:21] - Job ID 36 - Prioridad Premium - CREADO
[2026-06-01 14:00:21] - Job ID 36 - Prioridad Premium - EN_COLA
[2026-06-01 14:00:21] - Job ID 37 - Prioridad Premium - CREADO
[2026-06-01 14:00:21] - Job ID 5 - Prioridad Premium - FINALIZADO
[2026-06-01 14:00:21] - Job ID 37 - Prioridad Premium - EN_COLA
[2026-06-01 14:00:21] - Job ID 38 - Prioridad Premium - CREADO
[2026-06-01 14:00:21] - Job ID 38 - Prioridad Premium - EN_COLA
[2026-06-01 14:00:21] - Job ID 39 - Prioridad Premium - CREADO
[2026-06-01 14:00:21] - Job ID 39 - Prioridad Premium - EN_COLA
[2026-06-01 14:00:21] - Job ID 40 - Prioridad Premium - CREADO
[2026-06-01 14:00:21] - Job ID 40 - Prioridad Premium - EN_COLA
[2026-06-01 14:00:21] - Job ID 41 - Prioridad Premium - CREADO
[2026-06-01 14:00:21] - Job ID 6 - Prioridad Premium - FINALIZADO
[2026-06-01 14:00:21] - Job ID 41 - Prioridad Premium - EN_COLA
[2026-06-01 14:00:21] - Job ID 7 - Prioridad Premium - ASIGNADO_VRAM
[2026-06-01 14:00:21] - Job ID 42 - Prioridad Premium - CREADO
[2026-06-01 14:00:21] - Job ID 42 - Prioridad Premium - EN_COLA
[2026-06-01 14:00:21] - Job ID 43 - Prioridad Premium - CREADO
[2026-06-01 14:00:21] - Job ID 43 - Prioridad Premium - EN_COLA
[2026-06-01 14:00:21] - Job ID 44 - Prioridad Premium - CREADO
[2026-06-01 14:00:22] - Job ID 44 - Prioridad Premium - EN_COLA
[2026-06-01 14:00:22] - Job ID 45 - Prioridad Premium - CREADO
[2026-06-01 14:00:22] - Job ID 45 - Prioridad Premium - EN_COLA
[2026-06-01 14:00:22] - Job ID 46 - Prioridad Premium - CREADO
[2026-06-01 14:00:22] - Job ID 8 - Prioridad Premium - ASIGNADO_VRAM
[2026-06-01 14:00:22] - Job ID 46 - Prioridad Premium - EN_COLA
[2026-06-01 14:00:22] - Job ID 47 - Prioridad Premium - CREADO
[2026-06-01 14:00:22] - Job ID 47 - Prioridad Premium - EN_COLA
[2026-06-01 14:00:22] - Job ID 48 - Prioridad Premium - CREADO
[2026-06-01 14:00:22] - Job ID 48 - Prioridad Premium - EN_COLA
[2026-06-01 14:00:22] - Job ID 49 - Prioridad Premium - CREADO
[2026-06-01 14:00:22] - Job ID 7 - Prioridad Premium - FINALIZADO
[2026-06-01 14:00:22] - Job ID 49 - Prioridad Premium - EN_COLA
[2026-06-01 14:00:22] - Job ID 50 - Prioridad Premium - CREADO
[2026-06-01 14:00:22] - Job ID 50 - Prioridad Premium - EN_COLA
[2026-06-01 14:00:22] - Job ID 51 - Prioridad Free - CREADO
[2026-06-01 14:00:22] - Job ID 51 - Prioridad Free - EN_COLA
[2026-06-01 14:00:22] - Job ID 52 - Prioridad Free - CREADO
[2026-06-01 14:00:22] - Job ID 52 - Prioridad Free - EN_COLA
[2026-06-01 14:00:22] - Job ID 53 - Prioridad Free - CREADO
[2026-06-01 14:00:22] - Job ID 9 - Prioridad Premium - ASIGNADO_VRAM
[2026-06-01 14:00:23] - Job ID 8 - Prioridad Premium - FINALIZADO
[2026-06-01 14:00:23] - Job ID 53 - Prioridad Free - EN_COLA
[2026-06-01 14:00:23] - Job ID 54 - Prioridad Free - CREADO
[2026-06-01 14:00:23] - Job ID 54 - Prioridad Free - EN_COLA
[2026-06-01 14:00:23] - Job ID 55 - Prioridad Free - CREADO
[2026-06-01 14:00:23] - Job ID 55 - Prioridad Free - EN_COLA
[2026-06-01 14:00:23] - Job ID 56 - Prioridad Free - CREADO
[2026-06-01 14:00:23] - Job ID 56 - Prioridad Free - EN_COLA
[2026-06-01 14:00:23] - Job ID 57 - Prioridad Free - CREADO
[2026-06-01 14:00:23] - Job ID 57 - Prioridad Free - EN_COLA
[2026-06-01 14:00:23] - Job ID 58 - Prioridad Free - CREADO
[2026-06-01 14:00:23] - Job ID 51 - Prioridad Free - ASIGNADO_VRAM
[2026-06-01 14:00:23] - Job ID 58 - Prioridad Free - EN_COLA
[2026-06-01 14:00:23] - Job ID 59 - Prioridad Free - CREADO
[2026-06-01 14:00:23] - Job ID 59 - Prioridad Free - EN_COLA
[2026-06-01 14:00:23] - Job ID 60 - Prioridad Free - CREADO
[2026-06-01 14:00:23] - Job ID 60 - Prioridad Free - EN_COLA
[2026-06-01 14:00:23] - Job ID 61 - Prioridad Premium - CREADO
[2026-06-01 14:00:23] - Job ID 9 - Prioridad Premium - FINALIZADO
[2026-06-01 14:00:23] - Job ID 61 - Prioridad Premium - EN_COLA
[2026-06-01 14:00:23] - Job ID 62 - Prioridad Premium - CREADO
[2026-06-01 14:00:24] - Job ID 62 - Prioridad Premium - EN_COLA
[2026-06-01 14:00:24] - Job ID 63 - Prioridad Premium - CREADO
[2026-06-01 14:00:24] - Job ID 63 - Prioridad Premium - EN_COLA
[2026-06-01 14:00:24] - Job ID 64 - Prioridad Premium - CREADO
[2026-06-01 14:00:24] - Job ID 64 - Prioridad Premium - EN_COLA
[2026-06-01 14:00:24] - Job ID 65 - Prioridad Premium - CREADO
[2026-06-01 14:00:24] - Job ID 10 - Prioridad Premium - ASIGNADO_VRAM
[2026-06-01 14:00:24] - Job ID 51 - Prioridad Free - FINALIZADO
[2026-06-01 14:00:24] - Job ID 65 - Prioridad Premium - EN_COLA
[2026-06-01 14:00:24] - Job ID 66 - Prioridad Premium - CREADO
[2026-06-01 14:00:24] - Job ID 66 - Prioridad Premium - EN_COLA
[2026-06-01 14:00:24] - Job ID 67 - Prioridad Premium - CREADO
[2026-06-01 14:00:24] - Job ID 67 - Prioridad Premium - EN_COLA
[2026-06-01 14:00:24] - Job ID 68 - Prioridad Premium - CREADO
[2026-06-01 14:00:24] - Job ID 68 - Prioridad Premium - EN_COLA
[2026-06-01 14:00:24] - Job ID 69 - Prioridad Premium - CREADO
[2026-06-01 14:00:24] - Job ID 69 - Prioridad Premium - EN_COLA
[2026-06-01 14:00:24] - Job ID 11 - Prioridad Premium - ASIGNADO_VRAM
[2026-06-01 14:00:24] - Job ID 70 - Prioridad Premium - CREADO
[2026-06-01 14:00:24] - Job ID 70 - Prioridad Premium - EN_COLA
[2026-06-01 14:00:24] - Job ID 71 - Prioridad Premium - CREADO
[2026-06-01 14:00:25] - Job ID 71 - Prioridad Premium - EN_COLA
[2026-06-01 14:00:25] - Job ID 72 - Prioridad Premium - CREADO
[2026-06-01 14:00:25] - Job ID 72 - Prioridad Premium - EN_COLA
[2026-06-01 14:00:25] - Job ID 73 - Prioridad Premium - CREADO
[2026-06-01 14:00:25] - Job ID 10 - Prioridad Premium - FINALIZADO
[2026-06-01 14:00:25] - Job ID 73 - Prioridad Premium - EN_COLA
[2026-06-01 14:00:25] - Job ID 74 - Prioridad Premium - CREADO
[2026-06-01 14:00:25] - Job ID 74 - Prioridad Premium - EN_COLA
[2026-06-01 14:00:25] - Job ID 75 - Prioridad Premium - CREADO
[2026-06-01 14:00:25] - Job ID 75 - Prioridad Premium - EN_COLA
[2026-06-01 14:00:25] - Job ID 76 - Prioridad Premium - CREADO
[2026-06-01 14:00:25] - Job ID 76 - Prioridad Premium - EN_COLA
[2026-06-01 14:00:25] - Job ID 77 - Prioridad Premium - CREADO
[2026-06-01 14:00:25] - Job ID 12 - Prioridad Premium - ASIGNADO_VRAM
[2026-06-01 14:00:25] - Job ID 11 - Prioridad Premium - FINALIZADO
[2026-06-01 14:00:25] - Job ID 77 - Prioridad Premium - EN_COLA
[2026-06-01 14:00:25] - Job ID 78 - Prioridad Premium - CREADO
[2026-06-01 14:00:25] - Job ID 78 - Prioridad Premium - EN_COLA
[2026-06-01 14:00:25] - Job ID 79 - Prioridad Premium - CREADO
[2026-06-01 14:00:25] - Job ID 79 - Prioridad Premium - EN_COLA
[2026-06-01 14:00:25] - Job ID 80 - Prioridad Premium - CREADO
[2026-06-01 14:00:25] - Job ID 80 - Prioridad Premium - EN_COLA
[2026-06-01 14:00:26] - Job ID 13 - Prioridad Premium - ASIGNADO_VRAM
[2026-06-01 14:00:26] - Job ID 12 - Prioridad Premium - FINALIZADO
[2026-06-01 14:00:26] - Job ID 14 - Prioridad Premium - ASIGNADO_VRAM
[2026-06-01 14:00:26] - Job ID 13 - Prioridad Premium - FINALIZADO
[2026-06-01 14:00:27] - Job ID 52 - Prioridad Free - ASIGNADO_VRAM
[2026-06-01 14:00:27] - Job ID 14 - Prioridad Premium - FINALIZADO
[2026-06-01 14:00:28] - Job ID 15 - Prioridad Premium - ASIGNADO_VRAM
[2026-06-01 14:00:28] - Job ID 52 - Prioridad Free - FINALIZADO
[2026-06-01 14:00:28] - Job ID 16 - Prioridad Premium - ASIGNADO_VRAM
[2026-06-01 14:00:29] - Job ID 15 - Prioridad Premium - FINALIZADO
[2026-06-01 14:00:29] - Job ID 17 - Prioridad Premium - ASIGNADO_VRAM
[2026-06-01 14:00:29] - Job ID 16 - Prioridad Premium - FINALIZADO
[2026-06-01 14:00:30] - Job ID 18 - Prioridad Premium - ASIGNADO_VRAM
[2026-06-01 14:00:30] - Job ID 17 - Prioridad Premium - FINALIZADO
[2026-06-01 14:00:30] - Job ID 18 - Prioridad Premium - FINALIZADO
[2026-06-01 14:00:30] - Job ID 19 - Prioridad Premium - ASIGNADO_VRAM
[2026-06-01 14:00:31] - Job ID 53 - Prioridad Free - ASIGNADO_VRAM
[2026-06-01 14:00:31] - Job ID 19 - Prioridad Premium - FINALIZADO
[2026-06-01 14:00:32] - Job ID 20 - Prioridad Premium - ASIGNADO_VRAM
[2026-06-01 14:00:32] - Job ID 53 - Prioridad Free - FINALIZADO
[2026-06-01 14:00:32] - Job ID 21 - Prioridad Premium - ASIGNADO_VRAM
[2026-06-01 14:00:33] - Job ID 20 - Prioridad Premium - FINALIZADO
[2026-06-01 14:00:33] - Job ID 22 - Prioridad Premium - ASIGNADO_VRAM
[2026-06-01 14:00:33] - Job ID 21 - Prioridad Premium - FINALIZADO
[2026-06-01 14:00:34] - Job ID 23 - Prioridad Premium - ASIGNADO_VRAM
[2026-06-01 14:00:34] - Job ID 22 - Prioridad Premium - FINALIZADO
[2026-06-01 14:00:34] - Job ID 23 - Prioridad Premium - FINALIZADO
[2026-06-01 14:00:34] - Job ID 24 - Prioridad Premium - ASIGNADO_VRAM
[2026-06-01 14:00:35] - Job ID 54 - Prioridad Free - ASIGNADO_VRAM
[2026-06-01 14:00:35] - Job ID 24 - Prioridad Premium - FINALIZADO
[2026-06-01 14:00:36] - Job ID 54 - Prioridad Free - FINALIZADO
[2026-06-01 14:00:36] - Job ID 25 - Prioridad Premium - ASIGNADO_VRAM
[2026-06-01 14:00:36] - Job ID 26 - Prioridad Premium - ASIGNADO_VRAM
[2026-06-01 14:00:37] - Job ID 25 - Prioridad Premium - FINALIZADO
[2026-06-01 14:00:37] - Job ID 27 - Prioridad Premium - ASIGNADO_VRAM
[2026-06-01 14:00:37] - Job ID 26 - Prioridad Premium - FINALIZADO
[2026-06-01 14:00:37] - Job ID 28 - Prioridad Premium - ASIGNADO_VRAM
[2026-06-01 14:00:38] - Job ID 27 - Prioridad Premium - FINALIZADO
[2026-06-01 14:00:38] - Job ID 29 - Prioridad Premium - ASIGNADO_VRAM
[2026-06-01 14:00:38] - Job ID 28 - Prioridad Premium - FINALIZADO
[2026-06-01 14:00:39] - Job ID 55 - Prioridad Free - ASIGNADO_VRAM
[2026-06-01 14:00:39] - Job ID 29 - Prioridad Premium - FINALIZADO
[2026-06-01 14:00:40] - Job ID 55 - Prioridad Free - FINALIZADO
[2026-06-01 14:00:40] - Job ID 30 - Prioridad Premium - ASIGNADO_VRAM
[2026-06-01 14:00:40] - Job ID 31 - Prioridad Premium - ASIGNADO_VRAM
[2026-06-01 14:00:41] - Job ID 30 - Prioridad Premium - FINALIZADO
[2026-06-01 14:00:41] - Job ID 32 - Prioridad Premium - ASIGNADO_VRAM
[2026-06-01 14:00:41] - Job ID 31 - Prioridad Premium - FINALIZADO
[2026-06-01 14:00:41] - Job ID 33 - Prioridad Premium - ASIGNADO_VRAM
[2026-06-01 14:00:42] - Job ID 32 - Prioridad Premium - FINALIZADO
[2026-06-01 14:00:42] - Job ID 34 - Prioridad Premium - ASIGNADO_VRAM
[2026-06-01 14:00:42] - Job ID 33 - Prioridad Premium - FINALIZADO
[2026-06-01 14:00:43] - Job ID 56 - Prioridad Free - ASIGNADO_VRAM
[2026-06-01 14:00:43] - Job ID 34 - Prioridad Premium - FINALIZADO
[2026-06-01 14:00:44] - Job ID 35 - Prioridad Premium - ASIGNADO_VRAM
[2026-06-01 14:00:44] - Job ID 56 - Prioridad Free - FINALIZADO
[2026-06-01 14:00:44] - Job ID 36 - Prioridad Premium - ASIGNADO_VRAM
[2026-06-01 14:00:44] - Job ID 35 - Prioridad Premium - FINALIZADO
[2026-06-01 14:00:45] - Job ID 37 - Prioridad Premium - ASIGNADO_VRAM
[2026-06-01 14:00:45] - Job ID 36 - Prioridad Premium - FINALIZADO
[2026-06-01 14:00:45] - Job ID 38 - Prioridad Premium - ASIGNADO_VRAM
[2026-06-01 14:00:46] - Job ID 37 - Prioridad Premium - FINALIZADO
[2026-06-01 14:00:46] - Job ID 38 - Prioridad Premium - FINALIZADO
[2026-06-01 14:00:46] - Job ID 39 - Prioridad Premium - ASIGNADO_VRAM
[2026-06-01 14:00:47] - Job ID 57 - Prioridad Free - ASIGNADO_VRAM
[2026-06-01 14:00:47] - Job ID 39 - Prioridad Premium - FINALIZADO
[2026-06-01 14:00:48] - Job ID 40 - Prioridad Premium - ASIGNADO_VRAM
[2026-06-01 14:00:48] - Job ID 57 - Prioridad Free - FINALIZADO
[2026-06-01 14:00:48] - Job ID 41 - Prioridad Premium - ASIGNADO_VRAM
[2026-06-01 14:00:48] - Job ID 40 - Prioridad Premium - FINALIZADO
[2026-06-01 14:00:49] - Job ID 41 - Prioridad Premium - FINALIZADO
[2026-06-01 14:00:49] - Job ID 42 - Prioridad Premium - ASIGNADO_VRAM
[2026-06-01 14:00:49] - Job ID 43 - Prioridad Premium - ASIGNADO_VRAM
[2026-06-01 14:00:50] - Job ID 42 - Prioridad Premium - FINALIZADO
[2026-06-01 14:00:50] - Job ID 43 - Prioridad Premium - FINALIZADO
[2026-06-01 14:00:50] - Job ID 44 - Prioridad Premium - ASIGNADO_VRAM
[2026-06-01 14:00:51] - Job ID 58 - Prioridad Free - ASIGNADO_VRAM
[2026-06-01 14:00:51] - Job ID 44 - Prioridad Premium - FINALIZADO
[2026-06-01 14:00:52] - Job ID 58 - Prioridad Free - FINALIZADO
[2026-06-01 14:00:52] - Job ID 45 - Prioridad Premium - ASIGNADO_VRAM
[2026-06-01 14:00:52] - Job ID 46 - Prioridad Premium - ASIGNADO_VRAM
[2026-06-01 14:00:52] - Job ID 45 - Prioridad Premium - FINALIZADO
[2026-06-01 14:00:53] - Job ID 46 - Prioridad Premium - FINALIZADO
[2026-06-01 14:00:53] - Job ID 47 - Prioridad Premium - ASIGNADO_VRAM
[2026-06-01 14:00:53] - Job ID 48 - Prioridad Premium - ASIGNADO_VRAM
[2026-06-01 14:00:54] - Job ID 47 - Prioridad Premium - FINALIZADO
[2026-06-01 14:00:54] - Job ID 49 - Prioridad Premium - ASIGNADO_VRAM
[2026-06-01 14:00:54] - Job ID 48 - Prioridad Premium - FINALIZADO
[2026-06-01 14:00:55] - Job ID 59 - Prioridad Free - ASIGNADO_VRAM
[2026-06-01 14:00:55] - Job ID 49 - Prioridad Premium - FINALIZADO
[2026-06-01 14:00:55] - Job ID 59 - Prioridad Free - FINALIZADO
[2026-06-01 14:00:55] - Job ID 50 - Prioridad Premium - ASIGNADO_VRAM
[2026-06-01 14:00:56] - Job ID 61 - Prioridad Premium - ASIGNADO_VRAM
[2026-06-01 14:00:56] - Job ID 50 - Prioridad Premium - FINALIZADO
[2026-06-01 14:00:57] - Job ID 62 - Prioridad Premium - ASIGNADO_VRAM
[2026-06-01 14:00:57] - Job ID 61 - Prioridad Premium - FINALIZADO
[2026-06-01 14:00:57] - Job ID 63 - Prioridad Premium - ASIGNADO_VRAM
[2026-06-01 14:00:58] - Job ID 62 - Prioridad Premium - FINALIZADO
[2026-06-01 14:00:58] - Job ID 64 - Prioridad Premium - ASIGNADO_VRAM
[2026-06-01 14:00:58] - Job ID 63 - Prioridad Premium - FINALIZADO
[2026-06-01 14:00:59] - Job ID 60 - Prioridad Free - ASIGNADO_VRAM
[2026-06-01 14:00:59] - Job ID 64 - Prioridad Premium - FINALIZADO
[2026-06-01 14:00:59] - Job ID 65 - Prioridad Premium - ASIGNADO_VRAM
[2026-06-01 14:00:59] - Job ID 60 - Prioridad Free - FINALIZADO
[2026-06-01 14:01:00] - Job ID 66 - Prioridad Premium - ASIGNADO_VRAM
[2026-06-01 14:01:00] - Job ID 65 - Prioridad Premium - FINALIZADO
[2026-06-01 14:01:01] - Job ID 66 - Prioridad Premium - FINALIZADO
[2026-06-01 14:01:01] - Job ID 67 - Prioridad Premium - ASIGNADO_VRAM
[2026-06-01 14:01:01] - Job ID 68 - Prioridad Premium - ASIGNADO_VRAM
[2026-06-01 14:01:02] - Job ID 67 - Prioridad Premium - FINALIZADO
[2026-06-01 14:01:02] - Job ID 69 - Prioridad Premium - ASIGNADO_VRAM
[2026-06-01 14:01:02] - Job ID 68 - Prioridad Premium - FINALIZADO
[2026-06-01 14:01:03] - Job ID 70 - Prioridad Premium - ASIGNADO_VRAM
[2026-06-01 14:01:03] - Job ID 69 - Prioridad Premium - FINALIZADO
[2026-06-01 14:01:03] - Job ID 71 - Prioridad Premium - ASIGNADO_VRAM
[2026-06-01 14:01:03] - Job ID 70 - Prioridad Premium - FINALIZADO
[2026-06-01 14:01:04] - Job ID 72 - Prioridad Premium - ASIGNADO_VRAM
[2026-06-01 14:01:04] - Job ID 71 - Prioridad Premium - FINALIZADO
[2026-06-01 14:01:05] - Job ID 73 - Prioridad Premium - ASIGNADO_VRAM
[2026-06-01 14:01:05] - Job ID 72 - Prioridad Premium - FINALIZADO
[2026-06-01 14:01:05] - Job ID 74 - Prioridad Premium - ASIGNADO_VRAM
[2026-06-01 14:01:06] - Job ID 73 - Prioridad Premium - FINALIZADO
[2026-06-01 14:01:06] - Job ID 75 - Prioridad Premium - ASIGNADO_VRAM
[2026-06-01 14:01:06] - Job ID 74 - Prioridad Premium - FINALIZADO
[2026-06-01 14:01:06] - Job ID 76 - Prioridad Premium - ASIGNADO_VRAM
[2026-06-01 14:01:07] - Job ID 75 - Prioridad Premium - FINALIZADO
[2026-06-01 14:01:07] - Job ID 77 - Prioridad Premium - ASIGNADO_VRAM
[2026-06-01 14:01:07] - Job ID 76 - Prioridad Premium - FINALIZADO
[2026-06-01 14:01:08] - Job ID 78 - Prioridad Premium - ASIGNADO_VRAM
[2026-06-01 14:01:08] - Job ID 77 - Prioridad Premium - FINALIZADO
[2026-06-01 14:01:09] - Job ID 79 - Prioridad Premium - ASIGNADO_VRAM
[2026-06-01 14:01:09] - Job ID 78 - Prioridad Premium - FINALIZADO
[2026-06-01 14:01:09] - Job ID 80 - Prioridad Premium - ASIGNADO_VRAM
[2026-06-01 14:01:09] - Job ID 79 - Prioridad Premium - FINALIZADO
[2026-06-01 14:01:10] - Job ID 80 - Prioridad Premium - FINALIZADO
